// Jest Snapshot v1, https://goo.gl/fbAQLP

exports[`PageTitle renders properly 1`] = `
<div
  className="pageTitle col course-title"
  id="mainHeading"
>
  <h1
    data-testid="main-heading"
  >
    Redigera introduktion till kursen
  </h1>
  <div
    data-testid="sub-heading"
  >
    <span>
      SF1624 Algebra och geometri 7,5 hp
    </span>
  </div>
</div>
`;
