// Jest Snapshot v1, https://goo.gl/fbAQLP

exports[`TitleAndInfoModal renders properly 1`] = `
<span
  className="title-and-info"
>
  <h3
    data-testid="courseContent-heading"
  >
    Course content
    <span>
      <button
        aria-label="Info"
        className="btn-info-modal btn btn-secondary"
        onClick={[Function]}
        type="button"
      >
      </button>
    </span>
  </h3>
</span>
`;
