// Jest Snapshot v1, https://goo.gl/fbAQLP

exports[`TitleAndInfoModal renders properly 1`] = `
<span
  className="title-and-info"
  style={
    Object {
      "alignItems": "flex-start",
      "display": "flex",
      "flexDirection": "row",
    }
  }
>
  <h3
    data-testid="courseContent-heading"
    style={
      Object {
        "marginBottom": "0",
        "marginTop": "15px",
      }
    }
  >
    Course content
    <sup />
    <span>
      <button
        aria-label="Info"
        className="btn-info-modal btn btn-secondary"
        onClick={[Function]}
        style={
          Object {
            "verticalAlign": "middle",
          }
        }
        type="button"
      />
    </span>
  </h3>
</span>
`;
